[www.redeszone.net/tutoriales/redes-cable/descargar-pagina-web-ver-offline/index.html]
[backblue.gif]
[fade.gif]
[index.html]
[sdk.mrf.io/statics/marfeel-sdk3b51.js]
[www.redeszone.net/app/uploads-redeszone.net/2020/07/boton-descargar42b6.jpg]
[www.redeszone.net/app/uploads-redeszone.net/2020/07/boton-descargarf239.jpg]
[www.redeszone.net/app/uploads-redeszone.net/2020/07/boton-descargar12d6.jpg]
[www.redeszone.net/_nuxt/oPhCY1eG.js]
[www.redeszone.net/_nuxt/D-Dg6mZ6.js]
[www.redeszone.net/_nuxt/CTL-rhZQ.js]
[www.redeszone.net/_nuxt/CM8DOhej.js]
[www.redeszone.net/_nuxt/MzOL117u.js]
[www.redeszone.net/_nuxt/x_rD_Ya3.js]
[www.redeszone.net/_nuxt/DkAksV3r.js]
[www.redeszone.net/_nuxt/ClLhWEFj.js]
[www.redeszone.net/_nuxt/BXA7Vo6b.js]
[www.redeszone.net/_nuxt/bfctFUim.js]
[www.redeszone.net/_nuxt/dEkBw1r6.js]
[www.redeszone.net/_nuxt/CFgtQW9Z.js]
[www.redeszone.net/_nuxt/BeJtgfi-.js]
[www.redeszone.net/_nuxt/3J22ldtE.js]
[www.redeszone.net/_nuxt/Bs9Xc8Tp.js]
[www.redeszone.net/_nuxt/D7V6NYrr.js]
[www.redeszone.net/_nuxt/5eIYta6O.js]
[www.redeszone.net/_nuxt/Bnpic_8n.js]
[www.redeszone.net/_nuxt/BjrNffUn.js]
[www.redeszone.net/_nuxt/Bep9iIyF.js]
[www.redeszone.net/_nuxt/3ZQ8aXY9.js]
[www.redeszone.net/_nuxt/B4zYNq49.js]
[www.redeszone.net/_nuxt/gTjFu7p_.js]
[www.redeszone.net/imgs/sites/redeszone.net/favicon/favicon-96x96.png]
[www.redeszone.net/imgs/sites/redeszone.net/favicon/apple-touch-icon.png]
[www.redeszone.net/app/uploads-redeszone.net/2021/11/HTTrack.jpg]
[www.redeszone.net/app/uploads-redeszone.net/2021/11/webcopy.jpg]
[is5-ssl.mzstatic.com/image/thumb/Purple113/v4/55/09/57/55095734-2de6-063f-d1b3-e21f0cb2fc73/AppIcon-0-1x_U007emarketing-0-0-GLES2_U002c0-512MB-sRGB-0-0-0-85-220-0-0-0-7.png/246x0w.jpg]
[www.redeszone.net/imgs/shortcodes/appbox/appstore.png]
[www.redeszone.net/app/uploads-redeszone.net/2021/04/cachedview9866.jpg]
[www.redeszone.net/app/uploads-redeszone.net/2021/04/cachedview.jpg]
[www.redeszone.net/app/uploads-redeszone.net/2021/04/redeszone-waybackmachine9866.jpg]
[www.redeszone.net/app/uploads-redeszone.net/2021/04/redeszone-waybackmachine.jpg]
[www.redeszone.net/app/uploads-redeszone.net/2021/04/ver-busqueda-google-cache9866.jpg]
[www.redeszone.net/app/uploads-redeszone.net/2021/04/ver-busqueda-google-cache.jpg]
[www.redeszone.net/app/uploads-redeszone.net/2025/10/imagen-navegador-chrome3fd5.jpg]
[www.redeszone.net/app/uploads-redeszone.net/2025/07/vpn-pantalla-ordenador3fd5.jpg]
[www.redeszone.net/app/uploads-redeszone.net/2025/07/serie-en-smart-tv3fd5.jpg]
[www.redeszone.net/app/uploads-redeszone.net/2025/07/ciudad-samarcanda-uzbekistan3fd5.jpg]
[www.redeszone.net/app/uploads-redeszone.net/2025/01/bajar-archivos-publicos-drive3fd5.jpg]
[www.redeszone.net/app/uploads-redeszone.net/2024/10/que-es-recargar-navegador3fd5.jpg]
[www.redeszone.net/app/uploads-redeszone.net/2020/07/boton-descargar.jpg]
[www.redeszone.net/app/uploads-redeszone.net/2021/11/HTTrack9866.jpg]
[www.redeszone.net/app/uploads-redeszone.net/2021/11/webcopy9866.jpg]
[www.redeszone.net/app/uploads-redeszone.net/2025/10/imagen-navegador-chrome.jpg]
[www.redeszone.net/app/uploads-redeszone.net/2025/07/vpn-pantalla-ordenador.jpg]
[www.redeszone.net/app/uploads-redeszone.net/2025/07/serie-en-smart-tv.jpg]
[www.redeszone.net/app/uploads-redeszone.net/2025/07/ciudad-samarcanda-uzbekistan.jpg]
[www.redeszone.net/app/uploads-redeszone.net/2025/01/bajar-archivos-publicos-drive.jpg]
[www.redeszone.net/app/uploads-redeszone.net/2024/10/que-es-recargar-navegador.jpg]
[www.redeszone.net/tutoriales/redes-cable/descargar-pagina-web-ver-offline/index.html]
